**********************************************************
MINE version 1.0.1d
Copyright 2011 by David Reshef and Yakir Reshef.

This application is licensed under a Creative Commons
Attribution-NonCommercial-NoDerivs 3.0 Unported License.
See
http://creativecommons.org/licenses/by-nc-nd/3.0/ for
more information.
**********************************************************


input file = Spellman.csv
analysis style = mv=0
results file name = 'Spellman.csv,mv=0,cv=0.0,B=n^0.6,Results.csv'
print status frequency = every 100 variable pairs
status file name = 'Spellman.csv,mv=0,cv=0.0,B=n^0.6,Status.txt'
alpha = 0.6
numClumpsFactor = 15.0
debug level = 0
required common values fraction = 0.0
garbage collection forced every 2147483647 variable pairs

Reading in dataset...
I see only numbers beyond the first column of line 1,
so I'm assuming variable names are in the first column.
DONE. Read 4382 lines and 4382 variables.
Analyzing...
1 calculating: time vs YAL001C...
101 calculating: time vs YBR156C...
201 calculating: time vs YBR281C...
301 calculating: time vs YCR010C...
401 calculating: time vs YDL017W...
501 calculating: time vs YDL131W...
601 calculating: time vs YDR060W...
701 calculating: time vs YDR173C...
801 calculating: time vs YDR292C...
901 calculating: time vs YDR418W...
1001 calculating: time vs YEL011W...
1101 calculating: time vs YER053C...
1201 calculating: time vs YFL020C...
1301 calculating: time vs YGL040C...
1401 calculating: time vs YGL167C...
1501 calculating: time vs YGR044C...
1601 calculating: time vs YGR168C...
1701 calculating: time vs YHL008C...
1801 calculating: time vs YHR079C...
1901 calculating: time vs YIL022W...
2001 calculating: time vs YIL135C...
2101 calculating: time vs YJL029C...
2201 calculating: time vs YJL161W...
2301 calculating: time vs YJR047C...
2401 calculating: time vs YKL022C...
2501 calculating: time vs YKL149C...
2601 calculating: time vs YKR047W...
2701 calculating: time vs YLR011W...
2801 calculating: time vs YLR130C...
2901 calculating: time vs YLR246W...
3001 calculating: time vs YLR360W...
3101 calculating: time vs YML016C...
3201 calculating: time vs YMR011W...
3301 calculating: time vs YMR160W...
3401 calculating: time vs YNL006W...
3501 calculating: time vs YNL160W...
3601 calculating: time vs YNR009W...
3701 calculating: time vs YOL070C...
3801 calculating: time vs YOR063W...
3901 calculating: time vs YOR199W...
4001 calculating: time vs YOR319W...
4101 calculating: time vs YPL080C...
4201 calculating: time vs YPL228W...
4301 calculating: time vs YPR100W...
4381 variable pairs analyzed
Sorting results in descending order...
done.
Printing all results !!!with MIC > 0.0000001...!!!
All done. Goodbye!
